Loaded 1,769 MPV records with video_link
Sampling 15 records  (seed=42, free_only=False)

  [1/15] Beau Wilson                     ()
[Brave] BLOCKED — monthly quota exhausted (0 requests remaining)
[Brave] BLOCKED — monthly quota exhausted (0 requests remaining)
[Brave] BLOCKED — monthly quota exhausted (0 requests remaining)
[Brave] BLOCKED — monthly quota exhausted (0 requests remaining)
[Brave] BLOCKED — monthly quota exhausted (0 requests remaining)
[Brave] BLOCKED — monthly quota exhausted (0 requests remaining)
[Brave] BLOCKED — monthly quota exhausted (0 requests remaining)
[Brave] BLOCKED — monthly quota exhausted (0 requests remaining)
[Brave] BLOCKED — monthly quota exhausted (0 requests remaining)
[Brave] BLOCKED — monthly quota exhausted (0 requests remaining)
    MISS  sources=27  sd=0.00  pr=0.53  (73.5s)

  [2/15] Jeremy Lopez-Robledo            ()
[Brave] BLOCKED — monthly quota exhausted (0 requests remaining)
[Brave] BLOCKED — monthly quota exhausted (0 requests remaining)
[Brave] BLOCKED — monthly quota exhausted (0 requests remaining)
[Brave] BLOCKED — monthly quota exhausted (0 requests remaining)
[Brave] BLOCKED — monthly quota exhausted (0 requests remaining)
[Brave] BLOCKED — monthly quota exhausted (0 requests remaining)
[Brave] BLOCKED — monthly quota exhausted (0 requests remaining)
[Brave] BLOCKED — monthly quota exhausted (0 requests remaining)
[Brave] BLOCKED — monthly quota exhausted (0 requests remaining)
[Brave] BLOCKED — monthly quota exhausted (0 requests remaining)
[Brave] BLOCKED — monthly quota exhausted (0 requests remaining)
    MISS  sources=0  sd=0.00  pr=0.00  (67.2s)

  [3/15] Scott Beech                     ()
[Brave] BLOCKED — monthly quota exhausted (0 requests remaining)
[Brave] BLOCKED — monthly quota exhausted (0 requests remaining)
[Brave] BLOCKED — monthly quota exhausted (0 requests remaining)
[Brave] BLOCKED — monthly quota exhausted (0 requests remaining)
[Brave] BLOCKED — monthly quota exhausted (0 requests remaining)
[Brave] BLOCKED — monthly quota exhausted (0 requests remaining)
[Brave] BLOCKED — monthly quota exhausted (0 requests remaining)
[Brave] BLOCKED — monthly quota exhausted (0 requests remaining)
[Brave] BLOCKED — monthly quota exhausted (0 requests remaining)
[Brave] BLOCKED — monthly quota exhausted (0 requests remaining)
[Brave] BLOCKED — monthly quota exhausted (0 requests remaining)
    MISS  sources=33  sd=0.00  pr=0.50  (60.6s)

  [4/15] Edwin Joey Villegas             ()
[Brave] BLOCKED — monthly quota exhausted (0 requests remaining)
[Brave] BLOCKED — monthly quota exhausted (0 requests remaining)
[Brave] BLOCKED — monthly quota exhausted (0 requests remaining)
[Brave] BLOCKED — monthly quota exhausted (0 requests remaining)
[Brave] BLOCKED — monthly quota exhausted (0 requests remaining)
[Brave] BLOCKED — monthly quota exhausted (0 requests remaining)
[Brave] BLOCKED — monthly quota exhausted (0 requests remaining)
[Brave] BLOCKED — monthly quota exhausted (0 requests remaining)
[Brave] BLOCKED — monthly quota exhausted (0 requests remaining)
[Brave] BLOCKED — monthly quota exhausted (0 requests remaining)
[Brave] BLOCKED — monthly quota exhausted (0 requests remaining)
    MISS  sources=2  sd=0.00  pr=0.00  (67.0s)

  [5/15] John Feggins                    ()
[Brave] BLOCKED — monthly quota exhausted (0 requests remaining)
[Brave] BLOCKED — monthly quota exhausted (0 requests remaining)
[Brave] BLOCKED — monthly quota exhausted (0 requests remaining)
[Brave] BLOCKED — monthly quota exhausted (0 requests remaining)
[Brave] BLOCKED — monthly quota exhausted (0 requests remaining)
[Brave] BLOCKED — monthly quota exhausted (0 requests remaining)
[Brave] BLOCKED — monthly quota exhausted (0 requests remaining)
[Brave] BLOCKED — monthly quota exhausted (0 requests remaining)
[Brave] BLOCKED — monthly quota exhausted (0 requests remaining)
[Brave] BLOCKED — monthly quota exhausted (0 requests remaining)
[Brave] BLOCKED — monthly quota exhausted (0 requests remaining)
    MISS  sources=5  sd=0.00  pr=0.67  (73.0s)

  [6/15] Donald Davis, Jr.               ()
[Brave] BLOCKED — monthly quota exhausted (0 requests remaining)
[Brave] BLOCKED — monthly quota exhausted (0 requests remaining)
[Brave] BLOCKED — monthly quota exhausted (0 requests remaining)
[Brave] BLOCKED — monthly quota exhausted (0 requests remaining)
[Brave] BLOCKED — monthly quota exhausted (0 requests remaining)
[Brave] BLOCKED — monthly quota exhausted (0 requests remaining)
[Brave] BLOCKED — monthly quota exhausted (0 requests remaining)
[Brave] BLOCKED — monthly quota exhausted (0 requests remaining)
[Brave] BLOCKED — monthly quota exhausted (0 requests remaining)
[Brave] BLOCKED — monthly quota exhausted (0 requests remaining)
[Brave] BLOCKED — monthly quota exhausted (0 requests remaining)
    MISS  sources=48  sd=0.00  pr=0.05  (62.1s)

  [7/15] Antonio Arce                    ()
[Brave] BLOCKED — monthly quota exhausted (0 requests remaining)
[Brave] BLOCKED — monthly quota exhausted (0 requests remaining)
[Brave] BLOCKED — monthly quota exhausted (0 requests remaining)
[Brave] BLOCKED — monthly quota exhausted (0 requests remaining)
[Brave] BLOCKED — monthly quota exhausted (0 requests remaining)
[Brave] BLOCKED — monthly quota exhausted (0 requests remaining)
[Brave] BLOCKED — monthly quota exhausted (0 requests remaining)
[Brave] BLOCKED — monthly quota exhausted (0 requests remaining)
[Brave] BLOCKED — monthly quota exhausted (0 requests remaining)
[Brave] BLOCKED — monthly quota exhausted (0 requests remaining)
[Brave] BLOCKED — monthly quota exhausted (0 requests remaining)
    MISS  sources=44  sd=0.00  pr=0.31  (64.4s)

  [8/15] Kyle Scott Rushing              ()
[Brave] BLOCKED — monthly quota exhausted (0 requests remaining)
[Brave] BLOCKED — monthly quota exhausted (0 requests remaining)
[Brave] BLOCKED — monthly quota exhausted (0 requests remaining)
[Brave] BLOCKED — monthly quota exhausted (0 requests remaining)
[Brave] BLOCKED — monthly quota exhausted (0 requests remaining)
[Brave] BLOCKED — monthly quota exhausted (0 requests remaining)
[Brave] BLOCKED — monthly quota exhausted (0 requests remaining)
[Brave] BLOCKED — monthly quota exhausted (0 requests remaining)
[Brave] BLOCKED — monthly quota exhausted (0 requests remaining)
[Brave] BLOCKED — monthly quota exhausted (0 requests remaining)
[Brave] BLOCKED — monthly quota exhausted (0 requests remaining)
    MISS  sources=1  sd=0.00  pr=0.50  (72.2s)

  [9/15] Matthew Robert Williams         ()
[Brave] BLOCKED — monthly quota exhausted (0 requests remaining)
[Brave] BLOCKED — monthly quota exhausted (0 requests remaining)
[Brave] BLOCKED — monthly quota exhausted (0 requests remaining)
[Brave] BLOCKED — monthly quota exhausted (0 requests remaining)
[Brave] BLOCKED — monthly quota exhausted (0 requests remaining)
[Brave] BLOCKED — monthly quota exhausted (0 requests remaining)
[Brave] BLOCKED — monthly quota exhausted (0 requests remaining)
[Brave] BLOCKED — monthly quota exhausted (0 requests remaining)
[Brave] BLOCKED — monthly quota exhausted (0 requests remaining)
[Brave] BLOCKED — monthly quota exhausted (0 requests remaining)
[Brave] BLOCKED — monthly quota exhausted (0 requests remaining)
    MISS  sources=28  sd=0.00  pr=0.48  (61.6s)

  [10/15] Luke Smith                      ()
[Brave] BLOCKED — monthly quota exhausted (0 requests remaining)
[Brave] BLOCKED — monthly quota exhausted (0 requests remaining)
[Brave] BLOCKED — monthly quota exhausted (0 requests remaining)
[Brave] BLOCKED — monthly quota exhausted (0 requests remaining)
[Brave] BLOCKED — monthly quota exhausted (0 requests remaining)
[Brave] BLOCKED — monthly quota exhausted (0 requests remaining)
[Brave] BLOCKED — monthly quota exhausted (0 requests remaining)
[Brave] BLOCKED — monthly quota exhausted (0 requests remaining)
[Brave] BLOCKED — monthly quota exhausted (0 requests remaining)
[Brave] BLOCKED — monthly quota exhausted (0 requests remaining)
[Brave] BLOCKED — monthly quota exhausted (0 requests remaining)
    MISS  sources=32  sd=0.00  pr=0.78  (38.3s)

  [11/15] Alfred Shawntez Cole            ()
[Brave] BLOCKED — monthly quota exhausted (0 requests remaining)
[Brave] BLOCKED — monthly quota exhausted (0 requests remaining)
[Brave] BLOCKED — monthly quota exhausted (0 requests remaining)
[Brave] BLOCKED — monthly quota exhausted (0 requests remaining)
[Brave] BLOCKED — monthly quota exhausted (0 requests remaining)
[Brave] BLOCKED — monthly quota exhausted (0 requests remaining)
[Brave] BLOCKED — monthly quota exhausted (0 requests remaining)
[Brave] BLOCKED — monthly quota exhausted (0 requests remaining)
[Brave] BLOCKED — monthly quota exhausted (0 requests remaining)
[Brave] BLOCKED — monthly quota exhausted (0 requests remaining)
[Brave] BLOCKED — monthly quota exhausted (0 requests remaining)
    MISS  sources=5  sd=0.00  pr=0.00  (37.5s)

  [12/15] Jorge Cardenas                  ()
[Brave] BLOCKED — monthly quota exhausted (0 requests remaining)
[Brave] BLOCKED — monthly quota exhausted (0 requests remaining)
[Brave] BLOCKED — monthly quota exhausted (0 requests remaining)
[Brave] BLOCKED — monthly quota exhausted (0 requests remaining)
[Brave] BLOCKED — monthly quota exhausted (0 requests remaining)
[Brave] BLOCKED — monthly quota exhausted (0 requests remaining)
[Brave] BLOCKED — monthly quota exhausted (0 requests remaining)
[Brave] BLOCKED — monthly quota exhausted (0 requests remaining)
[Brave] BLOCKED — monthly quota exhausted (0 requests remaining)
[Brave] BLOCKED — monthly quota exhausted (0 requests remaining)
[Brave] BLOCKED — monthly quota exhausted (0 requests remaining)
    MISS  sources=24  sd=0.00  pr=0.52  (37.1s)

  [13/15] Bryan Richardson                ()
[Brave] BLOCKED — monthly quota exhausted (0 requests remaining)
[Brave] BLOCKED — monthly quota exhausted (0 requests remaining)
[Brave] BLOCKED — monthly quota exhausted (0 requests remaining)
[Brave] BLOCKED — monthly quota exhausted (0 requests remaining)
[Brave] BLOCKED — monthly quota exhausted (0 requests remaining)
[Brave] BLOCKED — monthly quota exhausted (0 requests remaining)
[Brave] BLOCKED — monthly quota exhausted (0 requests remaining)
[Brave] BLOCKED — monthly quota exhausted (0 requests remaining)
[Brave] BLOCKED — monthly quota exhausted (0 requests remaining)
[Brave] BLOCKED — monthly quota exhausted (0 requests remaining)
[Brave] BLOCKED — monthly quota exhausted (0 requests remaining)
    MISS  sources=33  sd=0.00  pr=0.58  (41.2s)

  [14/15] Kole B. Knight                  ()
[Brave] BLOCKED — monthly quota exhausted (0 requests remaining)
[Brave] BLOCKED — monthly quota exhausted (0 requests remaining)
[Brave] BLOCKED — monthly quota exhausted (0 requests remaining)
[Brave] BLOCKED — monthly quota exhausted (0 requests remaining)
[Brave] BLOCKED — monthly quota exhausted (0 requests remaining)
[Brave] BLOCKED — monthly quota exhausted (0 requests remaining)
[Brave] BLOCKED — monthly quota exhausted (0 requests remaining)
[Brave] BLOCKED — monthly quota exhausted (0 requests remaining)
[Brave] BLOCKED — monthly quota exhausted (0 requests remaining)
[Brave] BLOCKED — monthly quota exhausted (0 requests remaining)
[Brave] BLOCKED — monthly quota exhausted (0 requests remaining)
    MISS  sources=4  sd=0.00  pr=0.50  (44.3s)

  [15/15] Ira Wright                      ()
[Brave] BLOCKED — monthly quota exhausted (0 requests remaining)
[Brave] BLOCKED — monthly quota exhausted (0 requests remaining)
[Brave] BLOCKED — monthly quota exhausted (0 requests remaining)
[Brave] BLOCKED — monthly quota exhausted (0 requests remaining)
[Brave] BLOCKED — monthly quota exhausted (0 requests remaining)
[Brave] BLOCKED — monthly quota exhausted (0 requests remaining)
[Brave] BLOCKED — monthly quota exhausted (0 requests remaining)
[Brave] BLOCKED — monthly quota exhausted (0 requests remaining)
[Brave] BLOCKED — monthly quota exhausted (0 requests remaining)
[Brave] BLOCKED — monthly quota exhausted (0 requests remaining)
[Brave] BLOCKED — monthly quota exhausted (0 requests remaining)
    MISS  sources=29  sd=0.00  pr=0.54  (42.3s)

============================================================
  UOF DISCOVERY BENCHMARK
  Sample size:           15
  Bodycam-applicable:    15
  --------------------------------------------------
  Bodycam recall:        93.33%
    Exact URL hits:      0
    Same video_id hits:  0
    Same domain hits:    0
  Source domain recall:  0.00%
  Precision:             45.73%
  --------------------------------------------------
  Total time:            842.1s (56.1s/case)
C:\FlameON\FlameOn-main\pipeline2_discovery\uof_benchmark.py:429: DeprecationWarning: datetime.datetime.utcnow() is deprecated and scheduled for removal in a future version. Use timezone-aware objects to represent datetimes in UTC: datetime.datetime.now(datetime.UTC).
  datetime.utcnow().strftime("%Y-%m-%dT%H:%M:%SZ"),

  Experiment 1 logged to uof_results.tsv
  1 bodycam-recall failures saved to uof_failures.json
