Loaded 1,769 MPV records with video_link
Sampling 50 records  (seed=42, free_only=True)

  [1/50] Beau Wilson                     ()
[Brave] BLOCKED — monthly quota exhausted (0 requests remaining)
[Brave] BLOCKED — monthly quota exhausted (0 requests remaining)
[Brave] BLOCKED — monthly quota exhausted (0 requests remaining)
[Brave] BLOCKED — monthly quota exhausted (0 requests remaining)
[Brave] BLOCKED — monthly quota exhausted (0 requests remaining)
[Brave] BLOCKED — monthly quota exhausted (0 requests remaining)
[Brave] BLOCKED — monthly quota exhausted (0 requests remaining)
[Brave] BLOCKED — monthly quota exhausted (0 requests remaining)
[Brave] BLOCKED — monthly quota exhausted (0 requests remaining)
[Brave] BLOCKED — monthly quota exhausted (0 requests remaining)
[Brave] BLOCKED — monthly quota exhausted (0 requests remaining)
    MISS  sources=26  sd=0.00  pr=0.50  (47.2s)

  [2/50] Jeremy Lopez-Robledo            ()
[Brave] BLOCKED — monthly quota exhausted (0 requests remaining)
[Brave] BLOCKED — monthly quota exhausted (0 requests remaining)
[Brave] BLOCKED — monthly quota exhausted (0 requests remaining)
[Brave] BLOCKED — monthly quota exhausted (0 requests remaining)
[Brave] BLOCKED — monthly quota exhausted (0 requests remaining)
[Brave] BLOCKED — monthly quota exhausted (0 requests remaining)
[Brave] BLOCKED — monthly quota exhausted (0 requests remaining)
[Brave] BLOCKED — monthly quota exhausted (0 requests remaining)
[Brave] BLOCKED — monthly quota exhausted (0 requests remaining)
[Brave] BLOCKED — monthly quota exhausted (0 requests remaining)
[Brave] BLOCKED — monthly quota exhausted (0 requests remaining)
    MISS  sources=0  sd=0.00  pr=0.00  (41.8s)

  [3/50] Scott Beech                     ()
[Brave] BLOCKED — monthly quota exhausted (0 requests remaining)
[Brave] BLOCKED — monthly quota exhausted (0 requests remaining)
[Brave] BLOCKED — monthly quota exhausted (0 requests remaining)
[Brave] BLOCKED — monthly quota exhausted (0 requests remaining)
[Brave] BLOCKED — monthly quota exhausted (0 requests remaining)
[Brave] BLOCKED — monthly quota exhausted (0 requests remaining)
[Brave] BLOCKED — monthly quota exhausted (0 requests remaining)
[Brave] BLOCKED — monthly quota exhausted (0 requests remaining)
[Brave] BLOCKED — monthly quota exhausted (0 requests remaining)
[Brave] BLOCKED — monthly quota exhausted (0 requests remaining)
[Brave] BLOCKED — monthly quota exhausted (0 requests remaining)
    MISS  sources=34  sd=0.00  pr=0.50  (43.2s)

  [4/50] Edwin Joey Villegas             ()
[Brave] BLOCKED — monthly quota exhausted (0 requests remaining)
[Brave] BLOCKED — monthly quota exhausted (0 requests remaining)
[Brave] BLOCKED — monthly quota exhausted (0 requests remaining)
[Brave] BLOCKED — monthly quota exhausted (0 requests remaining)
[Brave] BLOCKED — monthly quota exhausted (0 requests remaining)
[Brave] BLOCKED — monthly quota exhausted (0 requests remaining)
[Brave] BLOCKED — monthly quota exhausted (0 requests remaining)
[Brave] BLOCKED — monthly quota exhausted (0 requests remaining)
[Brave] BLOCKED — monthly quota exhausted (0 requests remaining)
[Brave] BLOCKED — monthly quota exhausted (0 requests remaining)
[Brave] BLOCKED — monthly quota exhausted (0 requests remaining)
    MISS  sources=2  sd=0.00  pr=0.00  (44.7s)

  [5/50] John Feggins                    ()
